// Jest Snapshot v1, https://goo.gl/fbAQLP

exports[`CallAlert should render the component 1`] = `
<div
  class="sc-bdfBwQ ccowex"
>
  <h3>
    Active Users
  </h3>
  <button
    class="sc-gsTCUz doTqLt"
  >
    <svg
      fill="none"
      height="24"
      stroke="currentColor"
      stroke-linecap="round"
      stroke-linejoin="round"
      stroke-width="2"
      width="24"
      xmlns="http://www.w3.org/2000/svg"
    >
      <path
        d="M0 0h24v24H0z"
        stroke="none"
      />
      <path
        d="M5 4h4l2 5-2.5 1.5a11 11 0 005 5L15 13l5 2v4a2 2 0 01-2 2A16 16 0 013 6a2 2 0 012-2M15 7a2 2 0 012 2M15 3a6 6 0 016 6"
      />
    </svg>
     
    test
  </button>
</div>
`;
